
> ai-explainer-desktop@1.0.0 build:renderer
> vite build

[33mThe CJS build of Vite's Node API is deprecated. See https://vite.dev/guide/troubleshooting.html#vite-cjs-node-api-deprecated for more details.[39m
vite v6.3.5 building for production...
transforming...
✓ 1608 modules transformed.
rendering chunks...
computing gzip size...
dist/index.html                   0.59 kB │ gzip:  0.34 kB
dist/assets/index-DLJr1oKU.css   67.14 kB │ gzip: 11.68 kB
dist/assets/index-5uDl2GOa.js   331.77 kB │ gzip: 95.51 kB
✓ built in 1.27s

> ai-explainer-desktop@1.0.0 build:renderer
> vite build

[33mThe CJS build of Vite's Node API is deprecated. See https://vite.dev/guide/troubleshooting.html#vite-cjs-node-api-deprecated for more details.[39m
vite v6.3.5 building for production...
transforming...
✓ 1608 modules transformed.
rendering chunks...
computing gzip size...
dist/index.html                   0.59 kB │ gzip:  0.34 kB
dist/assets/index-DLJr1oKU.css   67.14 kB │ gzip: 11.68 kB
dist/assets/index-5uDl2GOa.js   331.77 kB │ gzip: 95.51 kB
✓ built in 1.27s

> ai-explainer-desktop@1.0.0 build:renderer
> vite build

[33mThe CJS build of Vite's Node API is deprecated. See https://vite.dev/guide/troubleshooting.html#vite-cjs-node-api-deprecated for more details.[39m
vite v6.3.5 building for production...
transforming...
✓ 1608 modules transformed.
rendering chunks...
computing gzip size...
dist/index.html                   0.59 kB │ gzip:  0.34 kB
dist/assets/index-DLJr1oKU.css   67.14 kB │ gzip: 11.68 kB
dist/assets/index-5uDl2GOa.js   331.77 kB │ gzip: 95.51 kB
✓ built in 1.69s

> ai-explainer-desktop@1.0.0 build:renderer
> vite build

[33mThe CJS build of Vite's Node API is deprecated. See https://vite.dev/guide/troubleshooting.html#vite-cjs-node-api-deprecated for more details.[39m
vite v6.3.5 building for production...
transforming...
✓ 1606 modules transformed.
rendering chunks...
computing gzip size...
dist/index.html                   0.59 kB │ gzip:  0.34 kB
dist/assets/index-CyntgJ-f.css   66.31 kB │ gzip: 11.61 kB
dist/assets/index-CnYGfHmf.js   322.75 kB │ gzip: 93.61 kB
✓ built in 1.20s
